Epoch	Train Error	Test Error
0	5886.435322238896	2260.6736444218786
1	3810.44550349144	1558.4818439544883
2	3052.5383972846666	1133.187208975791
3	2726.509962834249	1118.1257119521447
4	2501.004643220132	1017.8900003150209
5	2370.8388473867208	960.5307310055982
6	2213.6777341362317	1433.5729048982325
7	2144.6123510035877	924.6219959633382
8	2085.4025449738297	916.3588969092252
9	2036.466256458817	863.4443453853241
10	1944.3037456131995	1058.4665562180787
11	1906.134465490466	912.7461617670155
12	1885.7609373341734	795.3439545773863
13	1828.525012069454	788.9001695402325
14	1780.36254567691	873.0083803060543
15	1741.3143668421098	941.5164985311206
16	1673.4052745887045	828.8615121564437
17	1703.9125786680956	831.5123306368503
18	1700.6338985462285	713.0622208994766
19	1618.1497757283605	701.8229888801798
20	1599.2912376406011	738.2272663340177
21	1595.0490462470832	710.7790821528457
22	1629.6502148530358	682.6350982832688
23	1578.609910433599	832.9749577294048
24	1550.7886463157308	870.7385701137687
25	1537.093503089128	886.4455737198443
26	1512.3641318332106	730.7856425857321
27	1522.068912955247	753.8088464596866
28	1519.622934169424	744.2014081179029
29	1497.1997507407373	811.1432654185695
30	1484.0545640218365	752.7941140158778
31	1462.128585924806	781.0287783059861
32	1466.3855617022462	695.8858635269987
33	1462.6055954552323	716.3122140704294
34	1428.4672167400224	711.9692834444475
35	1433.149338886902	681.7833878446693
36	1392.6028089059569	706.0184857246779
37	1333.2316871616006	738.6270158018073
38	1420.6529864507486	710.9753274615215
39	1368.5521868295639	635.514339681415
40	1359.838868700013	670.1681588641871
41	1315.044465973857	680.1067535002345
42	1322.8535609267947	594.5223572724925
43	1288.1126209098954	663.8522488263582
44	1293.483175879947	840.4974862641283
45	1359.454477332554	786.8670411978251
46	1358.5895282716092	597.1784045804027
47	1338.7354994015425	650.101951156901
48	1256.6775107513504	629.4626182145158
49	1298.0817915303091	712.6959874434791
50	1376.3348142037728	653.6618717045582
51	1346.4760058360346	783.5303186559404
52	1282.5878469038635	618.8745365284426
53	1255.9595675669393	567.5636195445268
54	1280.0872050075704	628.4804415228868
55	1228.5130536399017	581.9060830304637
56	1254.06864387129	619.9365928339068
57	1223.759925823599	568.682670609387
58	1218.9098367543631	581.5535722015907
59	1269.118370305029	690.2819473599218
60	1298.6158799497168	642.858647130147
61	1266.3976710824422	608.6573058712413
62	1215.8345648054813	705.1427499270793
63	1271.2397981364838	577.2131248090258
64	1199.3680688074758	600.0525442374071
65	1172.4771384315256	679.9260347169112
66	1202.9594757310742	637.4941342236194
67	1220.4469080513786	764.9464691533417
68	1218.1461104115704	662.6396972703108
69	1181.5828351463113	688.1693564047288
70	1177.4510593089117	618.0026323979355
71	1203.9245361691706	631.3465380894665
72	1189.3866626973017	649.2262530086367
73	1158.1818681575426	629.8389669065729
74	1181.3598985757064	673.0140917953977
75	1131.4765291987815	626.0345863768334
76	1181.3074574015645	781.6720330177214
77	1167.2477055537756	625.1082407385671
78	1225.455716329297	639.6829310891222
79	1159.2372231553811	675.673129254695
80	1172.4345298535688	675.863417641093
81	1160.2087424241188	614.2756208488593
82	1167.0677210966876	639.9976482408903
83	1234.2819995337943	560.8467045155902
84	1098.1215202318392	563.4095421175474
85	1140.5394737540548	599.6977706152867
86	1146.4199238111942	652.7109844907782
87	1102.453815804055	611.3233702043151
88	1141.7315845794012	728.674050846641
89	1170.6195904192614	690.2890331504746
90	1178.3700293731813	554.5822600792808
91	1136.6819938160781	546.7320602709376
92	1112.848553013818	701.4283320132773
93	1148.5913544545037	596.7373382889226
94	1108.6658126473192	584.3536708481988
95	1157.6018635264916	570.3134389909205
96	1096.0646848592935	619.3557900499551
97	1143.717146297427	604.7973031780102
98	1185.1601313814233	581.8062939515445
99	1142.3989125114279	570.8775992689087
100	1142.0225098315	551.5340519095514
101	1141.0050642468782	574.7071825430177
102	1088.8061965844581	648.9002603934421
103	1136.9074812423028	604.0331690693947
104	1142.4803259553648	606.6295196661041
105	1193.3942387814666	701.825582486608
106	1141.3866376673257	519.9230490998107
107	1129.7064325096492	593.3007261661409
108	1156.1427261253216	635.0998516817084
109	1128.4126799838568	648.6806314097996
110	1108.149217713353	597.4457218365557
111	1064.1993680972062	576.7734883533961
112	1195.3732601845675	673.8238531728645
113	1164.108608703428	611.942340075484
114	1137.9125718094044	611.5435883719011
115	1135.0956529670834	611.536491854248
116	1096.9579457093157	731.8454605066872
117	1125.8867248287834	549.2261302107851
118	1116.2437133923033	560.0227417414334
119	1083.1360890665494	596.0155185775753
120	1090.1280673545814	623.7353851122288
121	1054.1283570910928	554.5496924512181
122	1157.4850185980997	583.8858553808357
123	1130.9797567227083	616.6381020052147
124	1161.9345067257605	621.1142234959201
125	1156.3109370651555	570.2905302137096
126	1071.852983417147	549.0604387736931
127	1095.3098892067346	666.0035823657707
128	1044.7307829917552	563.7505479932805
129	1030.6058585301253	628.565889207977
130	1060.4533194963235	582.8022000648889
131	1085.504482888756	520.484658040335
132	1050.5420670110452	529.4993859478011
133	1081.6668649639983	542.5678590005105
134	1105.1527907384025	572.9429895604649
135	1180.7578788029841	614.5532779236387
136	1047.8658152777598	562.5008444722356
137	1076.4232332544643	573.7694044484487
138	1079.200830176862	561.3429900305288
139	1076.1747702332211	608.562500594943
140	1078.743298117483	538.0020781789011
141	1094.3936252642375	540.9500867308614
142	1015.2336242934653	645.7276202461904
143	1072.4499624587063	557.8431353839727
144	1035.460644739923	583.419743771253
145	1010.7874145204711	626.0373151426763
146	1119.7041058644097	595.4592871350533
147	1095.4702244363964	614.8854811435831
148	1056.9334043734327	560.1257445645607
149	1135.2198709769357	623.6150848930946
150	1090.007357077985	593.141281359178
151	1114.4763673346915	706.0689895394192
152	1119.382299301176	583.8799911779574
153	1145.3068739260498	673.8492860187592
154	1094.133437209395	637.3441059787648
155	1133.5760416082126	576.9050513347689
156	1127.312180419477	580.4132138530751
157	1134.4865889550163	563.7714631115072
158	1139.5561428877145	634.4548385824485
159	1120.0957824294096	574.5249040649976
160	1102.7519840426894	612.0284608106932
161	1100.3522839381594	580.1090893368771
162	1068.2717732366827	615.041728673314
163	1072.8221549655425	593.5856151235062
164	1033.5357269417916	572.8336775013895
165	1119.4798088260377	527.2514028127856
166	1045.516567436947	538.7871431552192
167	1076.0851552050183	630.8878789787241
168	1081.2161269505375	689.4488258466366
169	1021.308521989763	572.9113459099366
170	1047.301860148663	630.2990695050887
171	1052.470212805061	574.7689145939617
172	1077.9606613019032	713.1107853608165
173	1046.2714007491477	633.3421479250802
174	1063.9804453974534	531.5137728078377
175	1009.6358000412582	638.7347207669097
176	1047.3669066384377	603.5897460526392
177	1078.6701962076384	569.1985895717124
178	1120.1442106986572	535.8568244497201
179	1155.4220674062851	669.2741607304856
180	1150.919472007173	646.7582022726506
181	1055.0961210431556	644.1621296138469
182	1146.7435281287394	620.1609225815655
183	1108.4972913643735	568.0926566636901
184	1096.6124222923613	582.9200740738528
185	1034.170811493621	617.0238629796678
186	1015.6057227370313	612.7748185649564
187	1018.063556652112	622.0229808032473
188	1028.2991566096684	622.0041472055991
189	1029.4218886455842	557.5676527480366
190	1085.3483833096238	548.0009463689194
191	1001.2506338814513	630.0564440609635
192	1052.2704339420338	605.6656141349794
193	1055.5887121048834	606.8031477409827
194	987.6070639376595	536.8085443310345
195	987.8932106091061	511.0504998294476
196	1096.6177526792974	610.830866583385
197	1006.6997363422918	589.3261544799996
198	1106.2971412531344	615.7871482218388
199	1150.8409524240285	586.1465207093258
